Failures:

  test/Unit/Language/Javascript/Parser/Lexer/StringLiterals.hs:289:23:
  1) String Literal Complexity Tests, Phase 2: Template Literal Comprehensive, Basic Template Literals, parses simple template literals
       predicate failed on: "NoSubstitutionTemplateToken {tokenSpan = TokenPn 0 1 1, tokenLiteral = \"`hello`\", tokenComment = []}"

  To rerun use: --match "/String Literal Complexity Tests/Phase 2: Template Literal Comprehensive/Basic Template Literals/parses simple template literals/" --seed 1133718817

  test/Unit/Language/Javascript/Parser/Lexer/StringLiterals.hs:297:23:
  2) String Literal Complexity Tests, Phase 2: Template Literal Comprehensive, Basic Template Literals, parses template literals with whitespace
       predicate failed on: "NoSubstitutionTemplateToken {tokenSpan = TokenPn 0 1 1, tokenLiteral = \"`hello world`\", tokenComment = []}"

  To rerun use: --match "/String Literal Complexity Tests/Phase 2: Template Literal Comprehensive/Basic Template Literals/parses template literals with whitespace/" --seed 1133718817

  test/Unit/Language/Javascript/Parser/Lexer/StringLiterals.hs:305:23:
  3) String Literal Complexity Tests, Phase 2: Template Literal Comprehensive, Basic Template Literals, parses empty template literals
       predicate failed on: "NoSubstitutionTemplateToken {tokenSpan = TokenPn 0 1 1, tokenLiteral = \"``\", tokenComment = []}"

  To rerun use: --match "/String Literal Complexity Tests/Phase 2: Template Literal Comprehensive/Basic Template Literals/parses empty template literals/" --seed 1133718817

  test/Unit/Language/Javascript/Parser/Lexer/StringLiterals.hs:313:23:
  4) String Literal Complexity Tests, Phase 2: Template Literal Comprehensive, Template Interpolation, parses single interpolation
       predicate failed on: "TemplateHeadToken {tokenSpan = TokenPn 0 1 1, tokenLiteral = \"`hello ${\", tokenComment = []}"

  To rerun use: --match "/String Literal Complexity Tests/Phase 2: Template Literal Comprehensive/Template Interpolation/parses single interpolation/" --seed 1133718817

  test/Unit/Language/Javascript/Parser/Lexer/StringLiterals.hs:321:23:
  5) String Literal Complexity Tests, Phase 2: Template Literal Comprehensive, Template Interpolation, parses multiple interpolations
       predicate failed on: "TemplateHeadToken {tokenSpan = TokenPn 0 1 1, tokenLiteral = \"`${\", tokenComment = []}"

  To rerun use: --match "/String Literal Complexity Tests/Phase 2: Template Literal Comprehensive/Template Interpolation/parses multiple interpolations/" --seed 1133718817

  test/Unit/Language/Javascript/Parser/Lexer/StringLiterals.hs:329:23:
  6) String Literal Complexity Tests, Phase 2: Template Literal Comprehensive, Template Interpolation, parses complex expression interpolations
       predicate failed on: "TemplateHeadToken {tokenSpan = TokenPn 0 1 1, tokenLiteral = \"`value: ${\", tokenComment = []}"

  To rerun use: --match "/String Literal Complexity Tests/Phase 2: Template Literal Comprehensive/Template Interpolation/parses complex expression interpolations/" --seed 1133718817

  test/Unit/Language/Javascript/Parser/Lexer/StringLiterals.hs:341:23:
  7) String Literal Complexity Tests, Phase 2: Template Literal Comprehensive, Nested Template Literals, parses templates within templates
       predicate failed on: "TemplateHeadToken {tokenSpan = TokenPn 0 1 1, tokenLiteral = \"`outer ${\", tokenComment = []}"

  To rerun use: --match "/String Literal Complexity Tests/Phase 2: Template Literal Comprehensive/Nested Template Literals/parses templates within templates/" --seed 1133718817

  test/Unit/Language/Javascript/Parser/Lexer/StringLiterals.hs:386:23:
  8) String Literal Complexity Tests, Phase 2: Template Literal Comprehensive, Template Escape Sequences, parses escapes in template literals
       predicate failed on: "NoSubstitutionTemplateToken {tokenSpan = TokenPn 0 1 1, tokenLiteral = \"`line1\\\\nline2`\", tokenComment = []}"

  To rerun use: --match "/String Literal Complexity Tests/Phase 2: Template Literal Comprehensive/Template Escape Sequences/parses escapes in template literals/" --seed 1133718817

  test/Unit/Language/Javascript/Parser/Lexer/StringLiterals.hs:394:23:
  9) String Literal Complexity Tests, Phase 2: Template Literal Comprehensive, Template Escape Sequences, parses unicode escapes in templates
       predicate failed on: "NoSubstitutionTemplateToken {tokenSpan = TokenPn 0 1 1, tokenLiteral = \"`\\\\u0041`\", tokenComment = []}"

  To rerun use: --match "/String Literal Complexity Tests/Phase 2: Template Literal Comprehensive/Template Escape Sequences/parses unicode escapes in templates/" --seed 1133718817

  test/Unit/Language/Javascript/Parser/Lexer/StringLiterals.hs:424:23:
  10) String Literal Complexity Tests, Phase 3: Edge Cases and Performance, Long String Performance, parses very long template literals
       predicate failed on: "NoSubstitutionTemplateToken {tokenSpan = TokenPn 0 1 1, tokenLiteral = \"`aaaaaaaaaaaaaaaaaaaaaaaaaaaaaaaaaaaaaaaaaaaaaaaaaaaaaaaaaaaaaaaaaaaaaaaaaaaaaaaaaaaaaaaaaaaaaaaaaaaaaaaaaaaaaaaaaaaaaaaaaaaaaaaaaaaaaaaaaaaaaaaaaaaaaaaaaaaaaaaaaaaaaaaaaaaaaaaaaaaaaaaaaaaaaaaaaaaaaaaaaaaaaaaaaaaaaaaaaaaaaaaaaaaaaaaaaaaaaaaaaaaaaaaaaaaaaaaaaaaaaaaaaaaaaaaaaaaaaaaaaaaaaaaaaaaaaaaaaaaaaaaaaaaaaaaaaaaaaaaaaaaaaaaaaaaaaaaaaaaaaaaaaaaaaaaaaaaaaaaaaaaaaaaaaaaaaaaaaaaaaaaaaaaaaaaaaaaaaaaaaaaaaaaaaaaaaaaaaaaaaaaaaaaaaaaaaaaaaaaaaaaaaaaaaaaaaaaaaaaaaaaaaaaaaaaaaaaaaaaaaaaaaaaaaaaaaaaaaaaaaaaaaaaaaaaaaaaaaaaaaaaaaaaaaaaaaaaaaaaaaaaaaaaaaaaaaaaaaaaaaaaaaaaaaaaaaaaaaaaaaaaaaaaaaaaaaaaaaaaaaaaaaaaaaaaaaaaaaaaaaaaaaaaaaaaaaaaaaaaaaaaaaaaaaaaaaaaaaaaaaaaaaaaaaaaaaaaaaaaaaaaaaaaaaaaaaaaaaaaaaaaaaaaaaaaaaaaaaaaaaaaaaaaaaaaaaaaaaaaaaaaaaaaaaaaaaaaaaaaaaaaaaaaaaaaaaaaaaaaaaaaaaaaaaaaaaaaaaaaaaaaaaaaaaaaaaaaaaaaaaaaaaaaaaaaaaaaaaaaaaaaaaaaaaaaaaaaaaaaaaaaaaaaaaaaaaaaaaaaaaaaaaaaaaaaaaaaaaaaaaaaaaaaaaaaaaaaaaaaaaaaaaaaaaaaaaaaaaaaaaaaaaaaaaaaaaaaaaaaaaaaaaaaaaaaaaaaaaaaaaaaaaaaaaaaaaaaaaaaa`\", tokenComment = []}"

  To rerun use: --match "/String Literal Complexity Tests/Phase 3: Edge Cases and Performance/Long String Performance/parses very long template literals/" --seed 1133718817

  test/Unit/Language/Javascript/Parser/Lexer/NumericLiterals.hs:258:25:
  11) Numeric Literal Edge Cases, Parser Behavior with Malformed Patterns, decimal literal edge cases, rejects decimal point without digits
       predicate failed on: "DotToken {tokenSpan = TokenPn 0 1 1, tokenComment = []}"

  To rerun use: --match "/Numeric Literal Edge Cases/Parser Behavior with Malformed Patterns/decimal literal edge cases/rejects decimal point without digits/" --seed 1133718817

  test/Unit/Language/Javascript/Parser/Lexer/NumericLiterals.hs:273:25:
  12) Numeric Literal Edge Cases, Parser Behavior with Malformed Patterns, decimal literal edge cases, rejects exponent with only sign
       predicate failed on: "TailToken {tokenSpan = TokenPn 0 0 0, tokenComment = []}"

  To rerun use: --match "/Numeric Literal Edge Cases/Parser Behavior with Malformed Patterns/decimal literal edge cases/rejects exponent with only sign/" --seed 1133718817

  test/Unit/Language/Javascript/Parser/Parser/Statements.hs:348:29:
  13) Parse statements: static class features - current limitations
       predicate failed on: "SimpleAssignToken {tokenSpan = TokenPn 26 1 27, tokenComment = [WhiteSpace (TokenPn 25 1 26) \" \"]}"

  To rerun use: --match "/Parse statements:/static class features - current limitations/" --seed 1133718817

  test/Unit/Language/Javascript/Parser/Parser/Programs.hs:216:26:
  14) Program parser: automatic semicolon insertion with comments in functions
       Expected program with function f4, got: JSAstProgram [JSFunction (JSAnnot (TokenPn 0 1 1) []) (JSIdentName (JSAnnot (TokenPn 9 1 10) [WhiteSpace (TokenPn 8 1 9) " "]) "f4") (JSAnnot (TokenPn 11 1 12) []) JSLNil (JSAnnot (TokenPn 12 1 13) []) (JSBlock (JSAnnot (TokenPn 14 1 15) [WhiteSpace (TokenPn 13 1 14) " "]) [JSReturn (JSAnnot (TokenPn 16 1 17) [WhiteSpace (TokenPn 15 1 16) " "]) Nothing JSSemiAuto,JSExpressionStatement (JSDecimal (JSAnnot (TokenPn 24 2 2) [WhiteSpace (TokenPn 22 1 23) "\n "]) "4") JSSemiAuto] (JSAnnot (TokenPn 26 2 4) [WhiteSpace (TokenPn 25 2 3) " "])) JSSemiAuto] (JSAnnot (TokenPn 0 0 0) [])

  To rerun use: --match "/Program parser:/automatic semicolon insertion with comments in functions/" --seed 1133718817

Randomized with seed 1133718817

Finished in 54.9472 seconds
1321 examples, 14 failures
Test suite testsuite: FAIL
Test suite logged to:
/home/quinten/projects/language-javascript/dist-newstyle/build/x86_64-linux/ghc-9.4.8/language-javascript-0.7.1.0/t/testsuite/test/language-javascript-0.7.1.0-testsuite.log
0 of 1 test suites (0 of 1 test cases) passed.
Error: cabal: Tests failed for test:testsuite from
language-javascript-0.7.1.0.